[localhost_8080/index.html]
[backblue.gif]
[fade.gif]
[index.html]
[localhost_8080/wp-content/uploads/2017/05/logo-2-1.png]
[localhost_8080/wp-content/plugins/contact-form-7/includes/css/styles4906.css]
[localhost_8080/wp-content/themes/Avada/assets/css/style.minb62d.css]
[localhost_8080/wp-content/uploads/fusion-styles/fusion-9266f2.css]
[localhost_8080/indexd784.html]
[localhost_8080/indexa6da.html]
[localhost_8080/wp-includes/js/jquery/jquery-migrate.min330a.js]
[localhost_8080/wp-includes/js/jquery/jqueryb8ff.js]
[localhost_8080/xmlrpc0db0.php]
[localhost_8080/index52f0.html]
[localhost_8080/wp-includes/wlwmanifest.xml]
[localhost_8080/wp-content/uploads/2017/05/Img1-300x270.png]
[localhost_8080/wp-content/uploads/2017/05/icone1.png]
[localhost_8080/index3e83.html]
[localhost_8080/indexf4bf.html]
[localhost_8080/wp-content/uploads/2017/05/icone3.png]
[localhost_8080/wp-content/uploads/2017/05/icone2.png]
[localhost_8080/wp-content/uploads/2017/05/invisible_man__check__by_guixz-d7r4wqm1.png]
[localhost_8080/indexcd64.html]
[localhost_8080/wp-content/uploads/2017/05/invisible_man__check__by_guixz-d7r4wqm1-150x150.png]
[localhost_8080/wp-content/uploads/2017/05/molten-core-2-lava-3.png]
[localhost_8080/wp-content/uploads/2017/05/molten-core-2-lava-3-150x150.png]
[localhost_8080/wp-content/uploads/2017/05/Tatuagem.png]
[localhost_8080/wp-content/uploads/2017/05/Tatuagem-150x150.png]
[localhost_8080/wp-content/uploads/2017/05/Dragoleta.png]
[localhost_8080/wp-content/uploads/2017/05/Dragoleta-150x150.png]
[localhost_8080/wp-content/uploads/2017/05/icone4.png]
[localhost_8080/wp-content/uploads/2017/05/icone5.png]
[localhost_8080/wp-content/plugins/contact-form-7/includes/js/jquery.form.mind03d.js]
[localhost_8080/wp-includes/js/comment-reply.min66f2.js]
[localhost_8080/wp-content/plugins/contact-form-7/includes/js/scripts4906.js]
[localhost_8080/index.html]
[localhost_8080/wp-includes/js/wp-embed.min66f2.js]
[localhost_8080/wp-content/plugins/contact-form-7/images/ajax-loader.gif]
[localhost_8080/wp-content/plugins/contact-form-7/includes/css/styles4906.css]
[localhost_8080/wp-content/themes/Avada/assets/images/shadow-top.png]
[localhost_8080/wp-content/themes/Avada/assets/images/shadow-bottom.png]
[localhost_8080/wp-content/themes/Avada/assets/css/style.minb62d.css]
[localhost_8080/wp-content/plugins/fusion-builder/assets/images/iLightbox/closedhand.html]
[localhost_8080/wp-content/themes/Avada/includes/lib/assets/fonts/icomoon/icomoon.eot]
[localhost_8080/wp-content/themes/Avada/includes/lib/assets/fonts/icomoon/icomoon.woff]
[localhost_8080/wp-content/themes/Avada/includes/lib/assets/fonts/icomoon/icomoond41d.eot]
[localhost_8080/wp-content/themes/Avada/includes/lib/assets/fonts/icomoon/icomoon.ttf]
[localhost_8080/wp-content/themes/Avada/includes/lib/assets/fonts/icomoon/icomoon.svg]
[localhost_8080/wp-content/uploads/fusion-styles/fusion-9266f2.css]
[localhost_8080/wp-content/uploads/fusion-styles/fusion-global66f2.css]
[localhost_8080/index78a0.html]
[localhost_8080/wp-content/uploads/fusion-scripts/9a4f7815f9cf2906001b670434b8028e.js]
[localhost_8080/indexcd64.html]
[localhost_8080/indexcff1.html]
[localhost_8080/indexb31a.html]
[localhost_8080/wp-content/uploads/fusion-scripts/4bb71a2bba9f6add4fd3cdf565960e44.js]
[localhost_8080/wp-content/plugins/fusion-builder/assets/images/iLightbox/closedhand.html]
[localhost_8080/wp-content/themes/Avada/includes/lib/assets/fonts/icomoon/icomoon.svg]
[localhost_8080/wp-content/uploads/fusion-styles/fusion-global66f2.css]
[localhost_8080/wp-content/uploads/fusion-styles/fusion-166f2.css]
[localhost_8080/indexcff1.html]
[localhost_8080/indexb31a.html]
[localhost_8080/indexe539.html]
[localhost_8080/index3aa8.html]
[localhost_8080/indexecd1.html]
[localhost_8080/wp-content/uploads/fusion-styles/fusion-166f2.css]
[localhost_8080/index301c.html]
[localhost_8080/index301c.html]
[localhost_8080/index7e31.html]
